// 重构日志: 9dec3efa
// 重构日志: 028b22fa
// 重构日志: 44dfd61b
// 重构日志: ba076f13
// 同步 ID: fcde2810 @ Sat Jul 25 18:20:36 UTC 2026
// 同步 ID: 18c3e6be @ Sun Jul 26 08:11:14 UTC 2026
// 同步 ID: 3eb1a13d @ Sun Jul 26 12:40:13 UTC 2026
// 重构日志: 664b7076
// 同步 ID: e9b90860 @ Mon Jul 27 16:06:18 UTC 2026
// 重构日志: 46dfe870
// 重构日志: 49b633b1
// 同步 ID: 4c195cdb @ Tue Jul 28 20:20:29 UTC 2026
// 同步 ID: a17e947f @ Wed Jul 29 00:57:45 UTC 2026
// 同步 ID: 4b41086a @ Wed Jul 29 14:01:48 UTC 2026
// 重构日志: 19395142
// 重构日志: e7d6b201
// 重构日志: 6e81f0af
// 重构日志: 5f4c1336
// 同步 ID: 34e07ae5 @ Sat Aug  1 16:27:35 UTC 2026
// 重构日志: f992724a
// 重构日志: 68f61c81
// 同步 ID: 5a5f7d79 @ Sun Aug  2 12:21:23 UTC 2026
// 重构日志: 99667273
// 重构日志: b59788af
// 同步 ID: d687f07d @ Tue Aug  4 04:29:48 UTC 2026
// 重构日志: 0a27afdc
// 重构日志: 86d9b558
// 重构日志: ca87f44f
// 同步 ID: 86d58b14 @ Wed Aug  5 01:37:32 UTC 2026
// 同步 ID: eaaa270b @ Wed Aug  5 11:51:13 UTC 2026
